// 重构日志: 5c248945
// 同步 ID: 20d6577f @ Sat Jul 18 22:44:49 UTC 2026
// 重构日志: 9be256a3
// 重构日志: 982f5371
// 重构日志: 81fca581
// 同步 ID: 088b8f57 @ Mon Jul 20 15:32:22 UTC 2026
// 同步 ID: d21ccdba @ Tue Jul 21 11:35:44 UTC 2026
// 同步 ID: 1c5151ca @ Tue Jul 21 13:05:50 UTC 2026
// 重构日志: c146b349
// 重构日志: ed7532ef
// 重构日志: 8b20a312
// 同步 ID: ee35b4d8 @ Fri Jul 24 14:53:00 UTC 2026
// 重构日志: 0811b0f0
// 重构日志: 4458f43c
// 同步 ID: 0a718ce2 @ Sun Jul 26 12:02:44 UTC 2026
// 重构日志: f85cbd1b
// 重构日志: c06207da
// 同步 ID: eb617f03 @ Mon Jul 27 08:44:47 UTC 2026
// 同步 ID: 87a04712 @ Mon Jul 27 16:15:22 UTC 2026
// 同步 ID: c083fb64 @ Mon Jul 27 23:15:10 UTC 2026
// 重构日志: 49a107bd
// 同步 ID: b7cc33f9 @ Tue Jul 28 11:21:46 UTC 2026
// 同步 ID: a0fbe5a4 @ Wed Jul 29 05:49:15 UTC 2026
// 重构日志: dc9faa0c
// 重构日志: 5267ccd8
// 重构日志: 09661068
// 同步 ID: b3ba0c2d @ Sat Aug  1 15:01:33 UTC 2026
// 重构日志: 288be87e
// 同步 ID: 762becab @ Sun Aug  2 11:52:11 UTC 2026
// 同步 ID: 37e5880b @ Sun Aug  2 18:11:41 UTC 2026
